// Jest Snapshot v1, https://goo.gl/fbAQLP

exports[`NewProducts should render correctly 1`] = `
<WithConsumer(withHandlers(Ui))
  initialValues={
    Object {
      "description": "",
      "name": "",
      "photos": Array [],
      "price": "",
      "stock": "",
    }
  }
  setInitialValues={[Function]}
  setValidationSchema={[Function]}
  validationSchema={
    ObjectSchema {
      "_blacklist": RefSet {
        "list": Set {},
        "refs": Map {},
      },
      "_conditions": Array [],
      "_defaultDefault": [Function],
      "_deps": Array [],
      "_excludedEdges": Array [],
      "_exclusive": Object {},
      "_mutate": false,
      "_nodes": Array [
        "price",
        "name",
      ],
      "_options": Object {
        "abortEarly": true,
        "recursive": true,
      },
      "_type": "object",
      "_typeError": [Function],
      "_whitelist": RefSet {
        "list": Set {},
        "refs": Map {},
      },
      "fields": Object {
        "name": StringSchema {
          "_blacklist": RefSet {
            "list": Set {},
            "refs": Map {},
          },
          "_conditions": Array [],
          "_deps": Array [],
          "_exclusive": Object {
            "required": false,
          },
          "_mutate": false,
          "_options": Object {
            "abortEarly": true,
            "recursive": true,
          },
          "_type": "string",
          "_typeError": [Function],
          "_whitelist": RefSet {
            "list": Set {},
            "refs": Map {},
          },
          "tests": Array [
            [Function],
            [Function],
          ],
          "transforms": Array [
            [Function],
          ],
        },
        "price": NumberSchema {
          "_blacklist": RefSet {
            "list": Set {},
            "refs": Map {},
          },
          "_conditions": Array [],
          "_deps": Array [],
          "_exclusive": Object {
            "required": false,
          },
          "_mutate": false,
          "_options": Object {
            "abortEarly": true,
            "recursive": true,
          },
          "_type": "number",
          "_typeError": [Function],
          "_whitelist": RefSet {
            "list": Set {},
            "refs": Map {},
          },
          "tests": Array [
            [Function],
          ],
          "transforms": Array [
            [Function],
          ],
        },
      },
      "tests": Array [],
      "transforms": Array [
        [Function],
      ],
    }
  }
/>
`;
